// Jest Snapshot v1, https://goo.gl/fbAQLP

exports[`Should match snapshot 1`] = `
<div
  className="bg"
>
  <header>
    <h1
      className="title"
    >
      Juan Calero Store Parts
    </h1>
  </header>
  <main
    className="mainSection"
  >
    <form
      className="mainForm"
    >
      <input
        aria-label="Search"
        onChange={[Function]}
        placeholder="Search..."
        type="search"
        value=""
      />
      <select
        aria-label="Type"
        onChange={[Function]}
      >
        <option
          value="Type"
        >
          Type
        </option>
      </select>
      <input
        aria-label="Price Order"
        className="priceOrder"
        onClick={[Function]}
        type="button"
        value="Ascending Price"
      />
    </form>
    <section
      className="productSection"
    >
      <ul />
    </section>
  </main>
</div>
`;
